main.c:72:5:main	56	static
main.c:198:6:HAL_TIM_PeriodElapsedCallback	16	static
main.c:231:6:squareInit	16	static
main.c:245:6:sinInit	16	static
main.c:258:6:generateSaw	4	static
main.c:274:6:generateSin	4	static
main.c:289:6:generateSquare	4	static
main.c:316:6:serialPrint	16	static
main.c:326:6:SystemClock_Config	232	static
main.c:382:13:MX_TIM16_Init	8	static
main.c:414:13:MX_TIM17_Init	8	static
main.c:446:13:MX_USART1_UART_Init	8	static
main.c:481:13:MX_GPIO_Init	48	static
main.c:727:6:Error_Handler	4	static
